
aydin@LAPTOP-QTJN05L5 MINGW64 ~
$ cd C:\Users\aydin\AndroidStudioProjects
bash: cd: C:UsersaydinAndroidStudioProjects: No such file or directory

aydin@LAPTOP-QTJN05L5 MINGW64 ~
$ cd C:

aydin@LAPTOP-QTJN05L5 MINGW64 /c
$ cd users

aydin@LAPTOP-QTJN05L5 MINGW64 /c/users
$ cd aydin

aydin@LAPTOP-QTJN05L5 MINGW64 /c/users/aydin
$ cd AndroidStudioProjects/

aydin@LAPTOP-QTJN05L5 MINGW64 /c/users/aydin/AndroidStudioProjects
$ g覺t 覺n覺t
bash: g覺t: command not found

aydin@LAPTOP-QTJN05L5 MINGW64 /c/users/aydin/AndroidStudioProjects
$ git init
Initialized empty Git repository in C:/Users/aydin/AndroidStudioProjects/.git/

aydin@LAPTOP-QTJN05L5 MINGW64 /c/users/aydin/AndroidStudioProjects (master)
$ git config -global.user.name="aydinfatih@yahoo.com"
error: unknown switch `g'
usage: git config [<options>]

Config file location
    --[no-]global         use global config file
    --[no-]system         use system config file
    --[no-]local          use repository config file
    --[no-]worktree       use per-worktree config file
    -f, --[no-]file <file>
                          use given config file
    --[no-]blob <blob-id> read config from given blob object

Action
    --[no-]get            get value: name [value-pattern]
    --[no-]get-all        get all values: key [value-pattern]
    --[no-]get-regexp     get values for regexp: name-regex [value-pattern]
    --[no-]get-urlmatch   get value specific for the URL: section[.var] URL
    --[no-]replace-all    replace all matching variables: name value [value-pattern]
    --[no-]add            add a new variable: name value
    --[no-]unset          remove a variable: name [value-pattern]
    --[no-]unset-all      remove all matches: name [value-pattern]
    --[no-]rename-section rename section: old-name new-name
    --[no-]remove-section remove a section: name
    -l, --[no-]list       list all
    --[no-]fixed-value    use string equality when comparing values to 'value-pattern'
    -e, --[no-]edit       open an editor
    --[no-]get-color      find the color configured: slot [default]
    --[no-]get-colorbool  find the color setting: slot [stdout-is-tty]

Type
    -t, --[no-]type <type>
                          value is given this type
    --bool                value is "true" or "false"
    --int                 value is decimal number
    --bool-or-int         value is --bool or --int
    --bool-or-str         value is --bool or string
    --path                value is a path (file or directory name)
    --expiry-date         value is an expiry date

Other
    -z, --[no-]null       terminate values with NUL byte
    --[no-]name-only      show variable names only
    --[no-]includes       respect include directives on lookup
    --[no-]show-origin    show origin of config (file, standard input, blob, command line)
    --[no-]show-scope     show scope of config (worktree, local, global, system, command)
    --[no-]default <value>
                          with --get, use default value when missing entry
    --[no-]comment <value>
                          human-readable comment string (# will be prepended as needed)


aydin@LAPTOP-QTJN05L5 MINGW64 /c/users/aydin/AndroidStudioProjects (master)
$ git config -global user.name="aydinfatih@yahoo.com"
error: did you mean `--global` (with two dashes)?

aydin@LAPTOP-QTJN05L5 MINGW64 /c/users/aydin/AndroidStudioProjects (master)
$ git config --global user.name="aydinfatih@yahoo.com"

aydin@LAPTOP-QTJN05L5 MINGW64 /c/users/aydin/AndroidStudioProjects (master)
$ git config --global user.password="14123642Qq."
error: key does not contain variable name: user.password=14123642Qq.

aydin@LAPTOP-QTJN05L5 MINGW64 /c/users/aydin/AndroidStudioProjects (master)
$ git config --global user.password="14123642Qq."
error: key does not contain variable name: user.password=14123642Qq.

aydin@LAPTOP-QTJN05L5 MINGW64 /c/users/aydin/AndroidStudioProjects (master)
$ git config --global user.password "14123642Qq."

aydin@LAPTOP-QTJN05L5 MINGW64 /c/users/aydin/AndroidStudioProjects (master)
$ cd WQDictionary

aydin@LAPTOP-QTJN05L5 MINGW64 /c/users/aydin/AndroidStudioProjects/WQDictionary (master)
$ git init
Initialized empty Git repository in C:/Users/aydin/AndroidStudioProjects/WQDictionary/.git/

aydin@LAPTOP-QTJN05L5 MINGW64 /c/users/aydin/AndroidStudioProjects/WQDictionary (master)
$ git push
fatal: No configured push destination.
Either specify the URL from the command-line or configure a remote repository using

    git remote add <name> <url>

and then push using the remote name

    git push <name>


aydin@LAPTOP-QTJN05L5 MINGW64 /c/users/aydin/AndroidStudioProjects/WQDictionary (master)
$ git init
Reinitialized existing Git repository in C:/Users/aydin/AndroidStudioProjects/WQDictionary/.git/

aydin@LAPTOP-QTJN05L5 MINGW64 /c/users/aydin/AndroidStudioProjects/WQDictionary (master)
$ git add README.md
fatal: pathspec 'README.md' did not match any files

aydin@LAPTOP-QTJN05L5 MINGW64 /c/users/aydin/AndroidStudioProjects/WQDictionary (master)
$ git remote add origin git@github.com:fatihmaydin/WQDictionary.git

aydin@LAPTOP-QTJN05L5 MINGW64 /c/users/aydin/AndroidStudioProjects/WQDictionary (master)
$ git push -u origin main
error: src refspec main does not match any
error: failed to push some refs to 'github.com:fatihmaydin/WQDictionary.git'

aydin@LAPTOP-QTJN05L5 MINGW64 /c/users/aydin/AndroidStudioProjects/WQDictionary (master)
$ git braNCH -M main
git: 'braNCH' is not a git command. See 'git --help'.

aydin@LAPTOP-QTJN05L5 MINGW64 /c/users/aydin/AndroidStudioProjects/WQDictionary (master)
$ git remote add origin git@github.com:fatihmaydin/WQDictionary.git
error: remote origin already exists.

aydin@LAPTOP-QTJN05L5 MINGW64 /c/users/aydin/AndroidStudioProjects/WQDictionary (master)
$ git push
fatal: The current branch master has no upstream branch.
To push the current branch and set the remote as upstream, use

    git push --set-upstream origin master

To have this happen automatically for branches without a tracking
upstream, see 'push.autoSetupRemote' in 'git help config'.


aydin@LAPTOP-QTJN05L5 MINGW64 /c/users/aydin/AndroidStudioProjects/WQDictionary (master)
$ git push --set-upstream origin master
error: src refspec master does not match any
error: failed to push some refs to 'github.com:fatihmaydin/WQDictionary.git'

aydin@LAPTOP-QTJN05L5 MINGW64 /c/users/aydin/AndroidStudioProjects/WQDictionary (master)
$ ^C

aydin@LAPTOP-QTJN05L5 MINGW64 /c/users/aydin/AndroidStudioProjects/WQDictionary (master)
$ git gui

aydin@LAPTOP-QTJN05L5 MINGW64 /c/users/aydin/AndroidStudioProjects/WQDictionary (master)
$ touch .gitignore

aydin@LAPTOP-QTJN05L5 MINGW64 /c/users/aydin/AndroidStudioProjects/WQDictionary (master)
$ git gui

aydin@LAPTOP-QTJN05L5 MINGW64 /c/users/aydin/AndroidStudioProjects/WQDictionary (master)
$ git push
fatal: The current branch master has no upstream branch.
To push the current branch and set the remote as upstream, use

    git push --set-upstream origin master

To have this happen automatically for branches without a tracking
upstream, see 'push.autoSetupRemote' in 'git help config'.


aydin@LAPTOP-QTJN05L5 MINGW64 /c/users/aydin/AndroidStudioProjects/WQDictionary (master)
$ git push --set-upstream origin master
The authenticity of host 'github.com (140.82.121.4)' can't be established.
ED25519 key fingerprint is SHA256:+DiY3wvvV6TuJJhbpZisF/zLDA0zPMSvHdkr4UvCOqU.
This key is not known by any other names.
Are you sure you want to continue connecting (yes/no/[fingerprint])? yes
Warning: Permanently added 'github.com' (ED25519) to the list of known hosts.
git@github.com: Permission denied (publickey).
fatal: Could not read from remote repository.

Please make sure you have the correct access rights
and the repository exists.

aydin@LAPTOP-QTJN05L5 MINGW64 /c/users/aydin/AndroidStudioProjects/WQDictionary (master)
$ ^C

aydin@LAPTOP-QTJN05L5 MINGW64 /c/users/aydin/AndroidStudioProjects/WQDictionary (master)
$ git push --set-upstream origin master
git@github.com: Permission denied (publickey).
fatal: Could not read from remote repository.

Please make sure you have the correct access rights
and the repository exists.

aydin@LAPTOP-QTJN05L5 MINGW64 /c/users/aydin/AndroidStudioProjects/WQDictionary (master)
$ ssh-keygen -R github.com
# Host github.com found: line 1
/c/Users/aydin/.ssh/known_hosts updated.
Original contents retained as /c/Users/aydin/.ssh/known_hosts.old

aydin@LAPTOP-QTJN05L5 MINGW64 /c/users/aydin/AndroidStudioProjects/WQDictionary (master)
$ git push --set-upstream origin master
The authenticity of host 'github.com (140.82.121.3)' can't be established.
ED25519 key fingerprint is SHA256:+DiY3wvvV6TuJJhbpZisF/zLDA0zPMSvHdkr4UvCOqU.
This key is not known by any other names.
Are you sure you want to continue connecting (yes/no/[fingerprint])? yes
Warning: Permanently added 'github.com' (ED25519) to the list of known hosts.
git@github.com: Permission denied (publickey).
fatal: Could not read from remote repository.

Please make sure you have the correct access rights
and the repository exists.

aydin@LAPTOP-QTJN05L5 MINGW64 /c/users/aydin/AndroidStudioProjects/WQDictionary (master)
$ ssh-keygen -R github.com
# Host github.com found: line 1
/c/Users/aydin/.ssh/known_hosts updated.
Original contents retained as /c/Users/aydin/.ssh/known_hosts.old

aydin@LAPTOP-QTJN05L5 MINGW64 /c/users/aydin/AndroidStudioProjects/WQDictionary (master)
$ git status
On branch master
Untracked files:
  (use "git add <file>..." to include in what will be committed)
        .gitignore
        app/lint.xml

nothing added to commit but untracked files present (use "git add" to track)

aydin@LAPTOP-QTJN05L5 MINGW64 /c/users/aydin/AndroidStudioProjects/WQDictionary (master)
$ git push
fatal: The current branch master has no upstream branch.
To push the current branch and set the remote as upstream, use

    git push --set-upstream origin master

To have this happen automatically for branches without a tracking
upstream, see 'push.autoSetupRemote' in 'git help config'.


aydin@LAPTOP-QTJN05L5 MINGW64 /c/users/aydin/AndroidStudioProjects/WQDictionary (master)
$ git push --set-upstream origin master
The authenticity of host 'github.com (140.82.121.3)' can't be established.
ED25519 key fingerprint is SHA256:+DiY3wvvV6TuJJhbpZisF/zLDA0zPMSvHdkr4UvCOqU.
This key is not known by any other names.
Are you sure you want to continue connecting (yes/no/[fingerprint])? no
Host key verification failed.
fatal: Could not read from remote repository.

Please make sure you have the correct access rights
and the repository exists.

aydin@LAPTOP-QTJN05L5 MINGW64 /c/users/aydin/AndroidStudioProjects/WQDictionary (master)
$ git push --set-upstream origin master
The authenticity of host 'github.com (140.82.121.3)' can't be established.
ED25519 key fingerprint is SHA256:+DiY3wvvV6TuJJhbpZisF/zLDA0zPMSvHdkr4UvCOqU.
This key is not known by any other names.
Are you sure you want to continue connecting (yes/no/[fingerprint])? yes
Warning: Permanently added 'github.com' (ED25519) to the list of known hosts.
git@github.com: Permission denied (publickey).
fatal: Could not read from remote repository.

Please make sure you have the correct access rights
and the repository exists.

aydin@LAPTOP-QTJN05L5 MINGW64 /c/users/aydin/AndroidStudioProjects/WQDictionary (master)
$ ssh-keyscan github.com >> ~/.ssh/known_hosts
# github.com:22 SSH-2.0-babeld-33961236
# github.com:22 SSH-2.0-babeld-33961236
# github.com:22 SSH-2.0-babeld-33961236
# github.com:22 SSH-2.0-babeld-33961236
# github.com:22 SSH-2.0-babeld-33961236

aydin@LAPTOP-QTJN05L5 MINGW64 /c/users/aydin/AndroidStudioProjects/WQDictionary (master)
$ git push --set-upstream origin master
git@github.com: Permission denied (publickey).
fatal: Could not read from remote repository.

Please make sure you have the correct access rights
and the repository exists.

aydin@LAPTOP-QTJN05L5 MINGW64 /c/users/aydin/AndroidStudioProjects/WQDictionary (master)
$ ^C

aydin@LAPTOP-QTJN05L5 MINGW64 /c/users/aydin/AndroidStudioProjects/WQDictionary (master)
$ ssh-keygen -t rsa -C "aydinfatih@yahoo.com"
Generating public/private rsa key pair.
Enter file in which to save the key (/c/Users/aydin/.ssh/id_rsa): rsakeys
Enter passphrase (empty for no passphrase):
Enter same passphrase again:
Passphrases do not match.  Try again.
Enter passphrase (empty for no passphrase):
Enter same passphrase again:
Your identification has been saved in rsakeys
Your public key has been saved in rsakeys.pub
The key fingerprint is:
SHA256:CCFc7H9bRKendyw80BUfzESWQQ796dFwoi1qczSYOj8 aydinfatih@yahoo.com
The key's randomart image is:
+---[RSA 3072]----+
| ..oo        .OOo|
|  ....    . . B*o|
|   ..    . * + ==|
|    .. .  * B .oo|
|     .. So B +. .|
|      . + * * o. |
|       . * + +   |
|        . E      |
|           .     |
+----[SHA256]-----+

aydin@LAPTOP-QTJN05L5 MINGW64 /c/users/aydin/AndroidStudioProjects/WQDictionary (master)
$ git push --set-upstream origin master
git@github.com: Permission denied (publickey).
fatal: Could not read from remote repository.

Please make sure you have the correct access rights
and the repository exists.

aydin@LAPTOP-QTJN05L5 MINGW64 /c/users/aydin/AndroidStudioProjects/WQDictionary (master)
$ ssh-keygen -t rsa -C "aydinfatih@yahoo.com"
Generating public/private rsa key pair.
Enter file in which to save the key (/c/Users/aydin/.ssh/id_rsa): rsakeys
rsakeys already exists.
Overwrite (y/n)? y
Enter passphrase (empty for no passphrase):
Enter same passphrase again:
Your identification has been saved in rsakeys
Your public key has been saved in rsakeys.pub
The key fingerprint is:
SHA256:UqCLOUx8OOf8R7J9irEAfcGGj4XIu/4VkYBBcwLlI9o aydinfatih@yahoo.com
The key's randomart image is:
+---[RSA 3072]----+
|.+*oo .          |
| +.* * o         |
|. X * B .        |
|.= % * +         |
|. E * * S        |
|   + o B         |
|  . . = o .      |
| .   o = o       |
|  ... o .        |
+----[SHA256]-----+

aydin@LAPTOP-QTJN05L5 MINGW64 /c/users/aydin/AndroidStudioProjects/WQDictionary (master)
$ git push --set-upstream origin master
git@github.com: Permission denied (publickey).
fatal: Could not read from remote repository.

Please make sure you have the correct access rights
and the repository exists.

aydin@LAPTOP-QTJN05L5 MINGW64 /c/users/aydin/AndroidStudioProjects/WQDictionary (master)
$ git remote add origin https://github.com:fatihmaydin/WQDictionary.git
error: remote origin already exists.

aydin@LAPTOP-QTJN05L5 MINGW64 /c/users/aydin/AndroidStudioProjects/WQDictionary (master)
$ git push --set-upstream origin master
git@github.com: Permission denied (publickey).
fatal: Could not read from remote repository.

Please make sure you have the correct access rights
and the repository exists.

aydin@LAPTOP-QTJN05L5 MINGW64 /c/users/aydin/AndroidStudioProjects/WQDictionary (master)
$ git remote set-url origin git@github.com:fatihmaydin/WQDictionary.git

aydin@LAPTOP-QTJN05L5 MINGW64 /c/users/aydin/AndroidStudioProjects/WQDictionary (master)
$ git push --set-upstream origin master
git@github.com: Permission denied (publickey).
fatal: Could not read from remote repository.

Please make sure you have the correct access rights
and the repository exists.

aydin@LAPTOP-QTJN05L5 MINGW64 /c/users/aydin/AndroidStudioProjects/WQDictionary (master)
$ git config --global user.name="fatihmaydin"
error: invalid key: user.name=fatihmaydin

aydin@LAPTOP-QTJN05L5 MINGW64 /c/users/aydin/AndroidStudioProjects/WQDictionary (master)
$ git push --set-upstream origin master
git@github.com: Permission denied (publickey).
fatal: Could not read from remote repository.

Please make sure you have the correct access rights
and the repository exists.

aydin@LAPTOP-QTJN05L5 MINGW64 /c/users/aydin/AndroidStudioProjects/WQDictionary (master)
$ ^C

aydin@LAPTOP-QTJN05L5 MINGW64 /c/users/aydin/AndroidStudioProjects/WQDictionary (master)
$ eval `ssh-agent -s`
ssh-add ~/.ssh/id_rsa
Agent pid 2327
/c/Users/aydin/.ssh/id_rsa: No such file or directory

aydin@LAPTOP-QTJN05L5 MINGW64 /c/users/aydin/AndroidStudioProjects/WQDictionary (master)
$ ssh-add ~/.ssh/rsakeys
/c/Users/aydin/.ssh/rsakeys: No such file or directory

aydin@LAPTOP-QTJN05L5 MINGW64 /c/users/aydin/AndroidStudioProjects/WQDictionary (master)
$ ssh-keygen -t rsa -C "aydinfatih@yahoo.com"
Generating public/private rsa key pair.
Enter file in which to save the key (/c/Users/aydin/.ssh/id_rsa):
Enter passphrase (empty for no passphrase):
Enter same passphrase again:
Your identification has been saved in /c/Users/aydin/.ssh/id_rsa
Your public key has been saved in /c/Users/aydin/.ssh/id_rsa.pub
The key fingerprint is:
SHA256:lQHXaieigfGbEArCtbT2Vk04LSsHZedHXaU/KxOL8CU aydinfatih@yahoo.com
The key's randomart image is:
+---[RSA 3072]----+
|. .o  .o++oo. ..o|
|o.. =..+=o.o.. . |
|.. = =..+ooo  .  |
|  o +.+o..= .  . |
|     +o=S+ E o ..|
|    . +   o + o o|
|           o + . |
|              o  |
|                 |
+----[SHA256]-----+

aydin@LAPTOP-QTJN05L5 MINGW64 /c/users/aydin/AndroidStudioProjects/WQDictionary (master)
$ ssh-add ~/.ssh/id_rsa
Identity added: /c/Users/aydin/.ssh/id_rsa (aydinfatih@yahoo.com)

aydin@LAPTOP-QTJN05L5 MINGW64 /c/users/aydin/AndroidStudioProjects/WQDictionary (master)
$ git push --set-upstream origin master
git@github.com: Permission denied (publickey).
fatal: Could not read from remote repository.

Please make sure you have the correct access rights
and the repository exists.

aydin@LAPTOP-QTJN05L5 MINGW64 /c/users/aydin/AndroidStudioProjects/WQDictionary (master)
$ ssh-add ~/.ssh/id_rsa/rsakeys
/c/Users/aydin/.ssh/id_rsa/rsakeys: Not a directory

aydin@LAPTOP-QTJN05L5 MINGW64 /c/users/aydin/AndroidStudioProjects/WQDictionary (master)
$ ssh-keygen -t ed25519 -C "aydinfatih@yahoo.com"
Generating public/private ed25519 key pair.
Enter file in which to save the key (/c/Users/aydin/.ssh/id_ed25519):
Enter passphrase (empty for no passphrase):
Enter same passphrase again:
Your identification has been saved in /c/Users/aydin/.ssh/id_ed25519
Your public key has been saved in /c/Users/aydin/.ssh/id_ed25519.pub
The key fingerprint is:
SHA256:WeDgduqE313b5cAgoTziR8YORPyZzJOJKzsEnP2Z6zI aydinfatih@yahoo.com
The key's randomart image is:
+--[ED25519 256]--+
|     o+ . .      |
|     o.= o .     |
| . o  ==X=o .    |
|  + .+.OX+ . o   |
|   ...++S.  . o .|
|    o+=o . . o + |
|   . oo.. . . . .|
|    E .          |
|     =.          |
+----[SHA256]-----+

aydin@LAPTOP-QTJN05L5 MINGW64 /c/users/aydin/AndroidStudioProjects/WQDictionary (master)
$ git push --set-upstream origin master
git@github.com: Permission denied (publickey).
fatal: Could not read from remote repository.

Please make sure you have the correct access rights
and the repository exists.

aydin@LAPTOP-QTJN05L5 MINGW64 /c/users/aydin/AndroidStudioProjects/WQDictionary (master)
$ ^C

aydin@LAPTOP-QTJN05L5 MINGW64 /c/users/aydin/AndroidStudioProjects/WQDictionary (master)
$ clip < ~/.ssh/id_rsa

aydin@LAPTOP-QTJN05L5 MINGW64 /c/users/aydin/AndroidStudioProjects/WQDictionary (master)
$ ssh-keygen -t ed25519 -C "aydinfatih@yahoo.com"
Generating public/private ed25519 key pair.
Enter file in which to save the key (/c/Users/aydin/.ssh/id_ed25519): rsakeys
rsakeys already exists.
Overwrite (y/n)? y
Enter passphrase (empty for no passphrase):
Enter same passphrase again:
Your identification has been saved in rsakeys
Your public key has been saved in rsakeys.pub
The key fingerprint is:
SHA256:fYX2Vlx+eYSmzo2YtKW9SGZ8TSnvCdu6OoBRh6gf1VE aydinfatih@yahoo.com
The key's randomart image is:
+--[ED25519 256]--+
|       . o.oE  .o|
|      . + o  .o+o|
|     . o .  oo.o*|
|    . o  ...+oo.o|
|     . +So.X.Bo  |
|      o . X.B.+  |
|         = o * . |
|          o o +  |
|          .ooo   |
+----[SHA256]-----+

aydin@LAPTOP-QTJN05L5 MINGW64 /c/users/aydin/AndroidStudioProjects/WQDictionary (master)
$ git push --set-upstream origin master
Enumerating objects: 202, done.
Counting objects: 100% (202/202), done.
Delta compression using up to 16 threads
Compressing objects: 100% (183/183), done.
Writing objects: 100% (202/202), 19.26 MiB | 2.50 MiB/s, done.
Total 202 (delta 35), reused 0 (delta 0), pack-reused 0 (from 0)
remote: Resolving deltas: 100% (35/35), done.
To github.com:fatihmaydin/WQDictionary.git
 * [new branch]      master -> master
branch 'master' set up to track 'origin/master'.

aydin@LAPTOP-QTJN05L5 MINGW64 /c/users/aydin/AndroidStudioProjects/WQDictionary (master)
$
